// Jest Snapshot v1, https://goo.gl/fbAQLP

exports[`Masthead should render correctly 1`] = `
Array [
  <nav
    className="navigation"
  >
    <ul>
      <li>
        <a
          href="/register"
          onClick={[Function]}
        >
          Register
        </a>
      </li>
    </ul>
  </nav>,
  <header
    className="masthead"
  >
    <a
      href="/"
      onClick={[Function]}
    >
      <h1
        className="masthead__title"
      >
        Vibrant Corpse
      </h1>
    </a>
  </header>,
]
`;
